Building Wedding List Management System...
Cleaning previous build...
Rebuilding native modules for electron...

> wedding-list-management@1.0.0 postinstall
> electron-builder install-app-deps

  • electron-builder  version=24.13.3
  • loaded configuration  file=package.json ("build" field)
  • rebuilding native dependencies  dependencies=better-sqlite3@12.6.0 platform=linux arch=x64
  • install prebuilt binary  name=better-sqlite3 version=12.6.0 platform=linux arch=x64 napi=
  • build native dependency from sources  name=better-sqlite3
                                          version=12.6.0
                                          platform=linux
                                          arch=x64
                                          napi=
                                          reason=prebuild-install failed with error (run with env DEBUG=electron-builder to get more information)
                                          error=prebuild-install info begin Prebuild-install version 7.1.3
    prebuild-install warn install prebuilt binaries enforced with --force!
    prebuild-install warn install prebuilt binaries may be out of date!
    prebuild-install info looking for local prebuild @ prebuilds/better-sqlite3-v12.6.0-electron-v119-linux-x64.tar.gz
    prebuild-install info looking for cached prebuild @ /home/somnang/.npm/_prebuilds/d9d523-better-sqlite3-v12.6.0-electron-v119-linux-x64.tar.gz
    prebuild-install http request GET https://github.com/WiseLibs/better-sqlite3/releases/download/v12.6.0/better-sqlite3-v12.6.0-electron-v119-linux-x64.tar.gz
    prebuild-install http 404 https://github.com/WiseLibs/better-sqlite3/releases/download/v12.6.0/better-sqlite3-v12.6.0-electron-v119-linux-x64.tar.gz
    prebuild-install warn install No prebuilt binaries found (target=28.3.3 runtime=electron arch=x64 libc= platform=linux)
    
